// Jest Snapshot v1, https://goo.gl/fbAQLP

exports[`shows proper heading when rendered should be matched snapshot 1`] = `
<body>
  <div>
    <img
      alt="test"
      class="w-32"
      decoding="async"
      height="128"
      loading="lazy"
      src="https://twemoji.maxcdn.com/v/latest/svg/1f44d.svg"
      width="128"
    />
  </div>
</body>
`;
