// Jest Snapshot v1, https://goo.gl/fbAQLP

exports[`top page should be matched snapshot 1`] = `
<body>
  <div>
    <h1>
      This is a example about svelte kit
    </h1>
     
    <img
      alt="thumbs up"
      class="w-32"
      decoding="async"
      height="256"
      loading="lazy"
      src="https://twemoji.maxcdn.com/v/latest/svg/1f44d.svg"
      width="256"
    />
     
    <p>
      Visit 
      <a
        href="https://kit.svelte.dev"
      >
        kit.svelte.dev
      </a>
      
  to read the documentation
    </p>
  </div>
</body>
`;
